// Jest Snapshot v1, https://goo.gl/fbAQLP

exports[`<SearchWeatherDetails /> should render correctly 1`] = `<UNDEFINED />`;
