// Jest Snapshot v1, https://goo.gl/fbAQLP

exports[`<SearchFlightDetails /> should render correctly 1`] = `<UNDEFINED />`;
